Removed Pin From Net: NetName=ENCODER_A Pin=U1-GP18
Removed Pin From Net: NetName=ENCODER_A Pin=U1-GP18
Removed Pin From Net: NetName=ENCODER_B Pin=U1-GP19
Removed Pin From Net: NetName=ENCODER_B Pin=U1-GP19
Removed Pin From Net: NetName=ENCODER_PUSH Pin=U1-GP20
Removed Pin From Net: NetName=ENCODER_PUSH Pin=U1-GP20
Change Component Description : Designator=U1 Old Description=MCU Module - Raspberry Pi Board, Arm Cortex-M0+; Core Architecture:Arm; Core Sub-Architecture:Cortex-M0+; Kit Contents:Raspberry Pi Pico Board; No. Of Bits:32Bit; Silicon Core Number:Rp2040; Silicon Manufacturer:Raspberry Pi New Description=MCU Module - Raspberry Pi Board, Arm Cortex-M0+; Core Architecture:Arm; Core Sub-Architecture:Cortex-M0+; Kit Contents:Raspberry Pi Pico Board; No. Of Bits:32Bit; Silicon Core Number:Rp2040; Silicon Manufacturer:Raspberry Pi |Raspberry-Pi RASPBERRY PI PICO
Added Pin To Net: NetName=GND Pin=I1-1
Added Pin To Net: NetName=+3V3 Pin=I1-2
Added Pin To Net: NetName=ENCODER_A Pin=U1-GP16
Added Pin To Net: NetName=ENCODER_A Pin=U1-GP16
Added Pin To Net: NetName=ENCODER_B Pin=U1-GP18
Added Pin To Net: NetName=ENCODER_B Pin=U1-GP18
Added Pin To Net: NetName=ENCODER_PUSH Pin=U1-GP19
Added Pin To Net: NetName=ENCODER_PUSH Pin=U1-GP19
Added Pin To Net: NetName=I2C_SCL Pin=I1-4
Added Pin To Net: NetName=I2C_SCL Pin=U1-GP21
Added Pin To Net: NetName=I2C_SCL Pin=U1-GP21
Added Net: Name=I2C_SCL
Added Pin To Net: NetName=I2C_SDA Pin=I1-3
Added Pin To Net: NetName=I2C_SDA Pin=U1-GP20
Added Pin To Net: NetName=I2C_SDA Pin=U1-GP20
Added Net: Name=I2C_SDA
PCB-ECO: Change Pad Pin/Pkg Length: Old=0mm New=0.254mm
PCB-ECO: Change Pad Pin/Pkg Length: Old=0mm New=0.254mm
PCB-ECO: Change Pad Pin/Pkg Length: Old=0mm New=0.254mm
PCB-ECO: Change Pad Pin/Pkg Length: Old=0mm New=0.254mm
