Removed Pin From Net: NetName=+3V3 Pin=BZ1-1
Removed Pin From Net: NetName=+3V3 Pin=BZ1-1
Removed Pin From Net: NetName=+3V3 Pin=D33-1
Removed Pin From Net: NetName=+VBUS Pin=R14-2
Removed Pin From Net: NetName=+VBUS Pin=R16-2
Removed Pin From Net: NetName=+3V3 Pin=SW1-2
Removed Pin From Net: NetName=+3V3 Pin=SW2-2
Removed Pin From Net: NetName=+3V3 Pin=SW3-2
Removed Pin From Net: NetName=+3V3 Pin=SW4-2
Removed Pin From Net: NetName=+3V3 Pin=SW5-2
Removed Pin From Net: NetName=+3V3 Pin=SW6-2
Removed Pin From Net: NetName=+3V3 Pin=SW7-2
Removed Pin From Net: NetName=+3V3 Pin=SW8-2
Removed Pin From Net: NetName=+3V3 Pin=SW9-2
Removed Pin From Net: NetName=+3V3 Pin=SW10-2
Removed Pin From Net: NetName=+3V3 Pin=SW11-2
Removed Pin From Net: NetName=+3V3 Pin=SW12-2
Removed Pin From Net: NetName=+3V3 Pin=U1-3V3
Removed Pin From Net: NetName=+3V3 Pin=U1-3V3
Removed Pin From Net: NetName=+VBUS Pin=U1-VBUS
Removed Pin From Net: NetName=+VBUS Pin=U1-VBUS
Change Component Comment : Designator=D17 Old Comment=FZ2812-5050 New Comment=WS2812B-B
Change Component Comment : Designator=D18 Old Comment=FZ2812-5050 New Comment=WS2812B-B
Change Component Comment : Designator=D19 Old Comment=FZ2812-5050 New Comment=WS2812B-B
Change Component Comment : Designator=D20 Old Comment=FZ2812-5050 New Comment=WS2812B-B
Change Component Comment : Designator=D21 Old Comment=FZ2812-5050 New Comment=WS2812B-B
Change Component Comment : Designator=D22 Old Comment=FZ2812-5050 New Comment=WS2812B-B
Change Component Comment : Designator=D23 Old Comment=FZ2812-5050 New Comment=WS2812B-B
Change Component Comment : Designator=D24 Old Comment=FZ2812-5050 New Comment=WS2812B-B
Change Component Comment : Designator=D25 Old Comment=FZ2812-5050 New Comment=WS2812B-B
Change Component Comment : Designator=D26 Old Comment=FZ2812-5050 New Comment=WS2812B-B
Change Component Comment : Designator=D27 Old Comment=FZ2812-5050 New Comment=WS2812B-B
Change Component Comment : Designator=D28 Old Comment=FZ2812-5050 New Comment=WS2812B-B
Change component parameters: Designator = "D17" ("D17"); Footprint = "LED_FZ2812-5050"; UniqueID = "\PBBBFRXF" ("\PBBBFRXF")
Change component parameters (AddParameter): Name = "Availability"; Value = "Unavailable"; VariantName = "[No Variations]"
Change component parameters (AddParameter): Name = "MF"; Value = ""; VariantName = "[No Variations]"
Change component parameters (AddParameter): Name = "MP"; Value = "WS2812B-B"; VariantName = "[No Variations]"
Change component parameters (AddParameter): Name = "Package"; Value = "None"; VariantName = "[No Variations]"
Change component parameters (AddParameter): Name = "Price"; Value = "None"; VariantName = "[No Variations]"
Change component parameters (AddParameter): Name = "Value"; Value = ""; VariantName = "[No Variations]"
Change component parameters: Designator = "D18" ("D18"); Footprint = "LED_FZ2812-5050"; UniqueID = "\XAEKLEKY" ("\XAEKLEKY")
Change component parameters (AddParameter): Name = "Availability"; Value = "Unavailable"; VariantName = "[No Variations]"
Change component parameters (AddParameter): Name = "MF"; Value = ""; VariantName = "[No Variations]"
Change component parameters (AddParameter): Name = "MP"; Value = "WS2812B-B"; VariantName = "[No Variations]"
Change component parameters (AddParameter): Name = "Package"; Value = "None"; VariantName = "[No Variations]"
Change component parameters (AddParameter): Name = "Price"; Value = "None"; VariantName = "[No Variations]"
Change component parameters (AddParameter): Name = "Value"; Value = ""; VariantName = "[No Variations]"
Change component parameters: Designator = "D19" ("D19"); Footprint = "LED_FZ2812-5050"; UniqueID = "\XPYFZFUC" ("\XPYFZFUC")
Change component parameters (AddParameter): Name = "Availability"; Value = "Unavailable"; VariantName = "[No Variations]"
Change component parameters (AddParameter): Name = "MF"; Value = ""; VariantName = "[No Variations]"
Change component parameters (AddParameter): Name = "MP"; Value = "WS2812B-B"; VariantName = "[No Variations]"
Change component parameters (AddParameter): Name = "Package"; Value = "None"; VariantName = "[No Variations]"
Change component parameters (AddParameter): Name = "Price"; Value = "None"; VariantName = "[No Variations]"
Change component parameters (AddParameter): Name = "Value"; Value = ""; VariantName = "[No Variations]"
Change component parameters: Designator = "D20" ("D20"); Footprint = "LED_FZ2812-5050"; UniqueID = "\JUQJYONK" ("\JUQJYONK")
Change component parameters (AddParameter): Name = "Availability"; Value = "Unavailable"; VariantName = "[No Variations]"
Change component parameters (AddParameter): Name = "MF"; Value = ""; VariantName = "[No Variations]"
Change component parameters (AddParameter): Name = "MP"; Value = "WS2812B-B"; VariantName = "[No Variations]"
Change component parameters (AddParameter): Name = "Package"; Value = "None"; VariantName = "[No Variations]"
Change component parameters (AddParameter): Name = "Price"; Value = "None"; VariantName = "[No Variations]"
Change component parameters (AddParameter): Name = "Value"; Value = ""; VariantName = "[No Variations]"
Change component parameters: Designator = "D21" ("D21"); Footprint = "LED_FZ2812-5050"; UniqueID = "\ZGZXNOSQ" ("\ZGZXNOSQ")
Change component parameters (AddParameter): Name = "Availability"; Value = "Unavailable"; VariantName = "[No Variations]"
Change component parameters (AddParameter): Name = "MF"; Value = ""; VariantName = "[No Variations]"
Change component parameters (AddParameter): Name = "MP"; Value = "WS2812B-B"; VariantName = "[No Variations]"
Change component parameters (AddParameter): Name = "Package"; Value = "None"; VariantName = "[No Variations]"
Change component parameters (AddParameter): Name = "Price"; Value = "None"; VariantName = "[No Variations]"
Change component parameters (AddParameter): Name = "Value"; Value = ""; VariantName = "[No Variations]"
Change component parameters: Designator = "D22" ("D22"); Footprint = "LED_FZ2812-5050"; UniqueID = "\QMXSMRXX" ("\QMXSMRXX")
Change component parameters (AddParameter): Name = "Availability"; Value = "Unavailable"; VariantName = "[No Variations]"
Change component parameters (AddParameter): Name = "MF"; Value = ""; VariantName = "[No Variations]"
Change component parameters (AddParameter): Name = "MP"; Value = "WS2812B-B"; VariantName = "[No Variations]"
Change component parameters (AddParameter): Name = "Package"; Value = "None"; VariantName = "[No Variations]"
Change component parameters (AddParameter): Name = "Price"; Value = "None"; VariantName = "[No Variations]"
Change component parameters (AddParameter): Name = "Value"; Value = ""; VariantName = "[No Variations]"
Change component parameters: Designator = "D23" ("D23"); Footprint = "LED_FZ2812-5050"; UniqueID = "\BFHMQVBJ" ("\BFHMQVBJ")
Change component parameters (AddParameter): Name = "Availability"; Value = "Unavailable"; VariantName = "[No Variations]"
Change component parameters (AddParameter): Name = "MF"; Value = ""; VariantName = "[No Variations]"
Change component parameters (AddParameter): Name = "MP"; Value = "WS2812B-B"; VariantName = "[No Variations]"
Change component parameters (AddParameter): Name = "Package"; Value = "None"; VariantName = "[No Variations]"
Change component parameters (AddParameter): Name = "Price"; Value = "None"; VariantName = "[No Variations]"
Change component parameters (AddParameter): Name = "Value"; Value = ""; VariantName = "[No Variations]"
Change component parameters: Designator = "D24" ("D24"); Footprint = "LED_FZ2812-5050"; UniqueID = "\CTGDKOOA" ("\CTGDKOOA")
Change component parameters (AddParameter): Name = "Availability"; Value = "Unavailable"; VariantName = "[No Variations]"
Change component parameters (AddParameter): Name = "MF"; Value = ""; VariantName = "[No Variations]"
Change component parameters (AddParameter): Name = "MP"; Value = "WS2812B-B"; VariantName = "[No Variations]"
Change component parameters (AddParameter): Name = "Package"; Value = "None"; VariantName = "[No Variations]"
Change component parameters (AddParameter): Name = "Price"; Value = "None"; VariantName = "[No Variations]"
Change component parameters (AddParameter): Name = "Value"; Value = ""; VariantName = "[No Variations]"
Change component parameters: Designator = "D25" ("D25"); Footprint = "LED_FZ2812-5050"; UniqueID = "\BLSDVMEZ" ("\BLSDVMEZ")
Change component parameters (AddParameter): Name = "Availability"; Value = "Unavailable"; VariantName = "[No Variations]"
Change component parameters (AddParameter): Name = "MF"; Value = ""; VariantName = "[No Variations]"
Change component parameters (AddParameter): Name = "MP"; Value = "WS2812B-B"; VariantName = "[No Variations]"
Change component parameters (AddParameter): Name = "Package"; Value = "None"; VariantName = "[No Variations]"
Change component parameters (AddParameter): Name = "Price"; Value = "None"; VariantName = "[No Variations]"
Change component parameters (AddParameter): Name = "Value"; Value = ""; VariantName = "[No Variations]"
Change component parameters: Designator = "D26" ("D26"); Footprint = "LED_FZ2812-5050"; UniqueID = "\OFQVKZZH" ("\OFQVKZZH")
Change component parameters (AddParameter): Name = "Availability"; Value = "Unavailable"; VariantName = "[No Variations]"
Change component parameters (AddParameter): Name = "MF"; Value = ""; VariantName = "[No Variations]"
Change component parameters (AddParameter): Name = "MP"; Value = "WS2812B-B"; VariantName = "[No Variations]"
Change component parameters (AddParameter): Name = "Package"; Value = "None"; VariantName = "[No Variations]"
Change component parameters (AddParameter): Name = "Price"; Value = "None"; VariantName = "[No Variations]"
Change component parameters (AddParameter): Name = "Value"; Value = ""; VariantName = "[No Variations]"
Change component parameters: Designator = "D27" ("D27"); Footprint = "LED_FZ2812-5050"; UniqueID = "\KEJSTYGH" ("\KEJSTYGH")
Change component parameters (AddParameter): Name = "Availability"; Value = "Unavailable"; VariantName = "[No Variations]"
Change component parameters (AddParameter): Name = "MF"; Value = ""; VariantName = "[No Variations]"
Change component parameters (AddParameter): Name = "MP"; Value = "WS2812B-B"; VariantName = "[No Variations]"
Change component parameters (AddParameter): Name = "Package"; Value = "None"; VariantName = "[No Variations]"
Change component parameters (AddParameter): Name = "Price"; Value = "None"; VariantName = "[No Variations]"
Change component parameters (AddParameter): Name = "Value"; Value = ""; VariantName = "[No Variations]"
Change component parameters: Designator = "D28" ("D28"); Footprint = "LED_FZ2812-5050"; UniqueID = "\VTZWXLLI" ("\VTZWXLLI")
Change component parameters (AddParameter): Name = "Availability"; Value = "Unavailable"; VariantName = "[No Variations]"
Change component parameters (AddParameter): Name = "MF"; Value = ""; VariantName = "[No Variations]"
Change component parameters (AddParameter): Name = "MP"; Value = "WS2812B-B"; VariantName = "[No Variations]"
Change component parameters (AddParameter): Name = "Package"; Value = "None"; VariantName = "[No Variations]"
Change component parameters (AddParameter): Name = "Price"; Value = "None"; VariantName = "[No Variations]"
Change component parameters (AddParameter): Name = "Value"; Value = ""; VariantName = "[No Variations]"
Added Pin To Net: NetName=+VBUS Pin=BZ1-1
Added Pin To Net: NetName=+VBUS Pin=BZ1-1
Added Pin To Net: NetName=+VBUS Pin=D33-1
Added Pin To Net: NetName=+3V3 Pin=R14-2
Added Pin To Net: NetName=+3V3 Pin=R16-2
Added Pin To Net: NetName=+VBUS Pin=SW1-2
Added Pin To Net: NetName=+VBUS Pin=SW2-2
Added Pin To Net: NetName=+VBUS Pin=SW3-2
Added Pin To Net: NetName=+VBUS Pin=SW4-2
Added Pin To Net: NetName=+VBUS Pin=SW5-2
Added Pin To Net: NetName=+VBUS Pin=SW6-2
Added Pin To Net: NetName=+VBUS Pin=SW7-2
Added Pin To Net: NetName=+VBUS Pin=SW8-2
Added Pin To Net: NetName=+VBUS Pin=SW9-2
Added Pin To Net: NetName=+VBUS Pin=SW10-2
Added Pin To Net: NetName=+VBUS Pin=SW11-2
Added Pin To Net: NetName=+VBUS Pin=SW12-2
Added Pin To Net: NetName=+VBUS Pin=U1-3V3
Added Pin To Net: NetName=+VBUS Pin=U1-3V3
Added Pin To Net: NetName=+3V3 Pin=U1-VBUS
Added Pin To Net: NetName=+3V3 Pin=U1-VBUS
Change Net Name : Old Net Name=+3V3 New Net Name=+VBUS
Change Net Name : Old Net Name=+VBUS New Net Name=+3V3
Change Net Color : Old Net Color=RGB(255, 110, 255) New Net Color=RGB(255, 110, 110)
Change Net Color : Old Net Color=RGB(255, 110, 110) New Net Color=RGB(255, 110, 255)
