Removed Pin From Net: NetName=NetC4_2 Pin=U1-GP1
Removed Pin From Net: NetName=NetC4_2 Pin=U1-GP1
Removed Pin From Net: NetName=NetC7_2 Pin=U1-GP2
Removed Pin From Net: NetName=NetC7_2 Pin=U1-GP2
Removed Pin From Net: NetName=NetC2_2 Pin=U1-GP3
Removed Pin From Net: NetName=NetC2_2 Pin=U1-GP3
Removed Pin From Net: NetName=NetC3_2 Pin=U1-GP6
Removed Pin From Net: NetName=NetC3_2 Pin=U1-GP6
Removed Pin From Net: NetName=NetC10_2 Pin=U1-GP9
Removed Pin From Net: NetName=NetC10_2 Pin=U1-GP9
Added Pin To Net: NetName=NetC2_2 Pin=U1-GP1
Added Pin To Net: NetName=NetC2_2 Pin=U1-GP1
Added Pin To Net: NetName=NetC3_2 Pin=U1-GP2
Added Pin To Net: NetName=NetC3_2 Pin=U1-GP2
Added Pin To Net: NetName=NetC10_2 Pin=U1-GP3
Added Pin To Net: NetName=NetC10_2 Pin=U1-GP3
Added Pin To Net: NetName=NetC7_2 Pin=U1-GP6
Added Pin To Net: NetName=NetC7_2 Pin=U1-GP6
Added Pin To Net: NetName=NetC4_2 Pin=U1-GP9
Added Pin To Net: NetName=NetC4_2 Pin=U1-GP9
Change Net Name : Old Net Name=NetC2_2 New Net Name=A1
Change Net Name : Old Net Name=NetC3_2 New Net Name=A2
Change Net Name : Old Net Name=NetC4_2 New Net Name=B
Change Net Name : Old Net Name=NetC5_2 New Net Name=B1
Change Net Name : Old Net Name=NetC6_2 New Net Name=B2
Change Net Name : Old Net Name=NetC7_2 New Net Name=C
Change Net Name : Old Net Name=NetC8_2 New Net Name=C1
Change Net Name : Old Net Name=NetC9_2 New Net Name=C2
Change Net Name : Old Net Name=NetC10_2 New Net Name=D
Change Net Name : Old Net Name=NetC11_2 New Net Name=D1
Change Net Name : Old Net Name=NetC12_2 New Net Name=D2
